Cliente: Luis Cruz | País: Brazil
Cliente: Leonie Köhler | País: Germany
Cliente: François Tremblay | País: Canada
Cliente: Bjørn Hansen | País: Norway
Cliente: František Wichterlová | País: Czech Republic
Cliente: Helena Holý | País: Czech Republic
Cliente: Astrid Gruber | País: Austria
Cliente: Daan Peeters | País: Belgium
Cliente: Kara Nielsen | País: Denmark
Cliente: Eduardo Martins | País: Brazil
Cliente: Alexandre Rocha | País: Brazil
Cliente: Roberto Almeida | País: Brazil
Cliente: Fernanda Ramos | País: Brazil
Cliente: Mark Philips | País: Canada
Cliente: Jennifer Peterson | País: Canada
Cliente: Frank Harris | País: USA
Cliente: Jack Smith | País: USA
Cliente: Michelle Brooks | País: USA
Cliente: Tim Goyer | País: USA
Cliente: Dan Miller | País: USA
Cliente: Kathy Chase | País: USA
Cliente: Heather Leacock | País: USA
Cliente: John Gordon | País: USA
Cliente: Frank Ralston | País: USA
Cliente: Victor Stevens | País: USA
Cliente: Richard Cunningham | País: USA
Cliente: Patrick Gray | País: USA
Cliente: Julia Barnett | País: USA
Cliente: Robert Brown | País: Canada
Cliente: Edward Francis | País: Canada
Cliente: Martha Silk | País: Canada
Cliente: Aaron Mitchell | País: Canada
Cliente: Ellie Sullivan | País: Canada
Cliente: João Fernandes | País: Portugal
Cliente: Madalena Sampaio | País: Portugal
Cliente: Hannah Schneider | País: Germany
Cliente: Fynn Zimmermann | País: Germany
Cliente: Niklas Schröder | País: Germany
Cliente: Camille Bernard | País: France
Cliente: Dominique Lefebvre | País: France
Cliente: Marc Dubois | País: France
Cliente: Wyatt Girard | País: France
Cliente: Isabelle Mercier | País: France
Cliente: Terhi Hämäläinen | País: Finland
Cliente: Ladislav Kovács | País: Hungary
Cliente: Hugh O'Reilly | País: Ireland
Cliente: Lucas Mancini | País: Italy
Cliente: Johannes Van der Berg | País: Netherlands
Cliente: Stanisław Wójcik | País: Poland
Cliente: Enrique Muñoz | País: Spain
Cliente: Joakim Johansson | País: Sweden
Cliente: Emma Jones | País: United Kingdom
Cliente: Phil Hughes | País: United Kingdom
Cliente: Steve Murray | País: United Kingdom
Cliente: Mark Taylor | País: Australia
Cliente: Diego Gutiérrez | País: Argentina
Cliente: Luis Rojas | País: Chile
Cliente: Manoj Pareek | País: India
Cliente: Puja Srivastava | País: India

Hora de finalización: 2025-11-08T09:38:53.1126348-05:00
